
                       _             _                  
   _ __ ___    _   _  | |_    __ _  | |_    ___    __ _ 
  | '_ ` _ \  | | | | | __|  / _` | | __|  / _ \  / _` |
  | | | | | | | |_| | | |_  | (_| | | |_  |  __/ | (_| |
  |_| |_| |_|  \__,_|  \__|  \__,_|  \__|  \___|  \__,_|
                                                                                                                                                                                                                                                                                                                             
            <████████████████████████████████>
         <█████$$$@&MMMMMMMMMMMMMMMMMMW@$$$█████>
      <█████$@&&WWWWMMM#==>MMMMMMMMMWWWWW&&@$█████>
   <████$%%&&&&WWWWMMMM*===*###*===>MMWWWW&&&&%%$████>
 <████@%%%&&&&WWWWMMM###<~~=##>~~==#MMMWWWW&&&&%%%@████>
<███@@%%%%&&&WWWWMMMM####<~~**~~~*###MMMWWWW&&&%%%%@@███>
$███@@@%%%%&&&WWWMM>===~=>><~~~~<*####MMMMWWW&&&&%%%@@@███$
$███@@@%%%&&&&WWWMM*===~~~~+~+~+~~~~~==>MMWWW&&&&%%%@@@███$  <ttttttt>
$███@@@%%%%&&&WWWMMMM####*>~+=~<>>~~===<MMWWW&&&&%%%@@@███$ <ttttttttt>
$████@@%%%%&&&WWWWMMMM##*~~~<*~~<#####MMMWWWW&&&%%%%@@████$<ttttttttttt>
$tt████@%%%&&&&WWWWMMMM<=~~>##=~~=##MMMMWWWW&&&&%%%@████tttttttttttttttt>
$tttt████$%%&&&&WWWWMM#===*####===<MMMMWWWW&&&&%%$████tttttttttttttttttt>
$ttttttt█████$@&&WWWWWMMMMMMMMM*==#MMWWWWW&&@$█████ttttttttt/    ttttttt>
$█tttttttttt███████@&WMMMMMMMMMMMMMMMW&@███████ttttttttttt█      ttttttt>
$t██tttttttttttttttt███████████████████ttttttttttttttttt██$      ttttttt>
$ttt██ttttttttttttttttttttttttttttttttttttttttttttttt██ttt$      ttttttt> 
$tttttt██ttttttttttttttttttttttttttttttttttttttttt███ttttt$     ttttttt>
$ttttttttt█████tttttttttttttttttttttttttttttt████ttttttttt$    ttttttt>
$ttttttttttttttt████████████████████████████tttttttttttttt$   ttttttt>
$ttttttttttttttttttttttttttttttttttttttttttttttttttttttttt$ tttttttt>
$█tttttttttttttttttttttttttttttttttttttttttttttttttttttttt█ttttttt>
$t█tttttttttttttttttttttttttttttttttttttttttttttttttttttt█ttttttt>
$tt███tttttttttttttttttttttttttttttttttttttttttttttttt███tttttt>
$ttttt████tttttttttttttttttttttttttttttttttttttttt████tttttttt>
$ttttttttt██████ttttttttttttttttttttttttttttt█████tttttttttt>
$tttttttttttttt██████████████████████████████ttttttttttttt>
 <ttttttttttttttttttttttttt|CRM|tttttttttttttttttttttttt>
  <ttttttttttttttttttttttttttttttttttttttttttttttttttt>
    <ttttttttttttttttttttttttttttttttttttttttttttttt>
       <tttttttttttttttttttttttttttttttttttttttttt>
           <ttttttttttttttttttttttttttttttttttt>
               <tttttttt|Tisza Lab|tttttttt>

Unzipped reference file was copied to: /data/tisza/analyses/crm/mutatea/test_runs/paired_reads/mutatea/sars_cov2_align/reference_files/GCF_009858895.2_ASM985889v3_genomic.gff
Unzipped reference file to: /data/tisza/analyses/crm/mutatea/test_runs/paired_reads/mutatea/sars_cov2_align/reference_files/GCF_009858895.2_ASM985889v3_genomic.fna
Reference processing: 0.01s

All cities in the metadata were successfully assigned to the given geographic regions!

Exporting the processed metadata to /data/tisza/analyses/crm/mutatea/test_runs/paired_reads/mutatea/sars_cov2_align/metadata_files
Metadata processing: 1.25s

Finding wastewater reads
