
                       _             _                  
   _ __ ___    _   _  | |_    __ _  | |_    ___    __ _ 
  | '_ ` _ \  | | | | | __|  / _` | | __|  / _ \  / _` |
  | | | | | | | |_| | | |_  | (_| | | |_  |  __/ | (_| |
  |_| |_| |_|  \__,_|  \__|  \__,_|  \__|  \___|  \__,_|
                                                                                                                                                                                                                                                                                                                             
            <████████████████████████████████>
         <█████$$$@&MMMMMMMMMMMMMMMMMMW@$$$█████>
      <█████$@&&WWWWMMM#==>MMMMMMMMMWWWWW&&@$█████>
   <████$%%&&&&WWWWMMMM*===*###*===>MMWWWW&&&&%%$████>
 <████@%%%&&&&WWWWMMM###<~~=##>~~==#MMMWWWW&&&&%%%@████>
<███@@%%%%&&&WWWWMMMM####<~~**~~~*###MMMWWWW&&&%%%%@@███>
$███@@@%%%%&&&WWWMM>===~=>><~~~~<*####MMMMWWW&&&&%%%@@@███$
$███@@@%%%&&&&WWWMM*===~~~~+~+~+~~~~~==>MMWWW&&&&%%%@@@███$  <ttttttt>
$███@@@%%%%&&&WWWMMMM####*>~+=~<>>~~===<MMWWW&&&&%%%@@@███$ <ttttttttt>
$████@@%%%%&&&WWWWMMMM##*~~~<*~~<#####MMMWWWW&&&%%%%@@████$<ttttttttttt>
$tt████@%%%&&&&WWWWMMMM<=~~>##=~~=##MMMMWWWW&&&&%%%@████tttttttttttttttt>
$tttt████$%%&&&&WWWWMM#===*####===<MMMMWWWW&&&&%%$████tttttttttttttttttt>
$ttttttt█████$@&&WWWWWMMMMMMMMM*==#MMWWWWW&&@$█████ttttttttt/    ttttttt>
$█tttttttttt███████@&WMMMMMMMMMMMMMMMW&@███████ttttttttttt█      ttttttt>
$t██tttttttttttttttt███████████████████ttttttttttttttttt██$      ttttttt>
$ttt██ttttttttttttttttttttttttttttttttttttttttttttttt██ttt$      ttttttt> 
$tttttt██ttttttttttttttttttttttttttttttttttttttttt███ttttt$     ttttttt>
$ttttttttt█████tttttttttttttttttttttttttttttt████ttttttttt$    ttttttt>
$ttttttttttttttt████████████████████████████tttttttttttttt$   ttttttt>
$ttttttttttttttttttttttttttttttttttttttttttttttttttttttttt$ tttttttt>
$█tttttttttttttttttttttttttttttttttttttttttttttttttttttttt█ttttttt>
$t█tttttttttttttttttttttttttttttttttttttttttttttttttttttt█ttttttt>
$tt███tttttttttttttttttttttttttttttttttttttttttttttttt███tttttt>
$ttttt████tttttttttttttttttttttttttttttttttttttttt████tttttttt>
$ttttttttt██████ttttttttttttttttttttttttttttt█████tttttttttt>
$tttttttttttttt██████████████████████████████ttttttttttttt>
 <ttttttttttttttttttttttttt|CRM|tttttttttttttttttttttttt>
  <ttttttttttttttttttttttttttttttttttttttttttttttttttt>
    <ttttttttttttttttttttttttttttttttttttttttttttttt>
       <tttttttttttttttttttttttttttttttttttttttttt>
           <ttttttttttttttttttttttttttttttttttt>
               <tttttttt|Tisza Lab|tttttttt>

Unzipped reference file was copied to: /data/tisza/analyses/crm/mutatea/test_runs/samplesheet.standard/mutatea/sars_cov2_align/reference_files/GCF_009858895.2_ASM985889v3_genomic.gff
Unzipped reference file to: /data/tisza/analyses/crm/mutatea/test_runs/samplesheet.standard/mutatea/sars_cov2_align/reference_files/GCF_009858895.2_ASM985889v3_genomic.fna
Reference processing: 0.00s

All cities in the metadata were successfully assigned to the given geographic regions!

Exporting the processed metadata to /data/tisza/analyses/crm/mutatea/test_runs/samplesheet.standard/mutatea/sars_cov2_align/metadata_files
Metadata processing: 0.88s

Finding wastewater reads
Not-Hybridized.p1785.best_ref_seqs.mmi.Not-Hybridized.p1785.mapped_prelim.fastq.sort.bam has no reads aligned to the specified reference; skipping
virus_pathogen_database.mmi.Not-Hybridized.p1785.EV_input.fastq.sort.bam has no reads aligned to the specified reference; skipping
virus_pathogen_database.mmi.Not-Hybridized-Control.p1823.EV_input.fastq.sort.bam has no reads aligned to the specified reference; skipping
virus_pathogen_database.mmi.FFYK82.p1829.EV_input.fastq.sort.bam has no reads aligned to the specified reference; skipping
virus_pathogen_database.mmi.G578AD.p1829.EV_input.fastq.sort.bam has no reads aligned to the specified reference; skipping
virus_pathogen_database.mmi.NZCP7S.p1829.EV_input.fastq.sort.bam has no reads aligned to the specified reference; skipping
virus_pathogen_database.mmi.UBTHVB.p1829.EV_input.fastq.sort.bam has no reads aligned to the specified reference; skipping
virus_pathogen_database.mmi.VKLJZ4.p1829.EV_input.fastq.sort.bam has no reads aligned to the specified reference; skipping
virus_pathogen_database.mmi.VTM2YC.p1829.EV_input.fastq.sort.bam has no reads aligned to the specified reference; skipping
virus_pathogen_database.mmi.XXLT4A.p1829.EV_input.fastq.sort.bam has no reads aligned to the specified reference; skipping
virus_pathogen_database.mmi.Non-Hybridized-Control.p1834.EV_input.fastq.sort.bam has no reads aligned to the specified reference; skipping
virus_pathogen_database.mmi.Not-Hybridized.p1835.EV_input.fastq.sort.bam has no reads aligned to the specified reference; skipping
virus_pathogen_database.mmi.G6TDDG_2-hours.p1836.EV_input.fastq.sort.bam has no reads aligned to the specified reference; skipping
virus_pathogen_database.mmi.G6TDDG_4-hours.p1836.EV_input.fastq.sort.bam has no reads aligned to the specified reference; skipping
virus_pathogen_database.mmi.GJPTKL_2-hours.p1836.EV_input.fastq.sort.bam has no reads aligned to the specified reference; skipping
virus_pathogen_database.mmi.MAKQUM_4-hours.p1836.EV_input.fastq.sort.bam has no reads aligned to the specified reference; skipping
virus_pathogen_database.mmi.QAQLCZ_15-minutes.p1836.EV_input.fastq.sort.bam has no reads aligned to the specified reference; skipping
virus_pathogen_database.mmi.T5LSRL_2-hours.p1836.EV_input.fastq.sort.bam has no reads aligned to the specified reference; skipping
virus_pathogen_database.mmi.T5LSRL_4-hours.p1836.EV_input.fastq.sort.bam has no reads aligned to the specified reference; skipping
virus_pathogen_database.mmi.Non-Hybridized-Control.p1838.EV_input.fastq.sort.bam has no reads aligned to the specified reference; skipping
AKNUWE.p1848.sort.bam has no reads aligned to the specified reference; skipping
ASAL5L.p1848.sort.bam has no reads aligned to the specified reference; skipping
AXPBA6.p1848.sort.bam has no reads aligned to the specified reference; skipping
AZ3EV2.p1848.sort.bam has no reads aligned to the specified reference; skipping
BR9SMX.p1848.sort.bam has no reads aligned to the specified reference; skipping
BYEAQY.p1848.sort.bam has no reads aligned to the specified reference; skipping
C77P28.p1848.sort.bam has no reads aligned to the specified reference; skipping
C7KZE6.p1848.sort.bam has no reads aligned to the specified reference; skipping
CADR3U.p1848.sort.bam has no reads aligned to the specified reference; skipping
DAZEQV.p1848.sort.bam has no reads aligned to the specified reference; skipping
DDVCRX.p1848.sort.bam has no reads aligned to the specified reference; skipping
DECW4J.p1848.sort.bam has no reads aligned to the specified reference; skipping
DFMFZS.p1848.sort.bam has no reads aligned to the specified reference; skipping
E6CZL6.p1848.sort.bam has no reads aligned to the specified reference; skipping
EYTTK4.p1848.sort.bam has no reads aligned to the specified reference; skipping
FSYBZ6.p1848.sort.bam has no reads aligned to the specified reference; skipping
FXKZK6.p1848.sort.bam has no reads aligned to the specified reference; skipping
FYQ4WJ.p1848.sort.bam has no reads aligned to the specified reference; skipping
GJMKZG.p1848.sort.bam has no reads aligned to the specified reference; skipping
GM38UF.p1848.sort.bam has no reads aligned to the specified reference; skipping
GP6ZKS.p1848.sort.bam has no reads aligned to the specified reference; skipping
H5GNU3.p1848.sort.bam has no reads aligned to the specified reference; skipping
J7MDS6.p1848.sort.bam has no reads aligned to the specified reference; skipping
J83F4B.p1848.sort.bam has no reads aligned to the specified reference; skipping
JSJ9UQ.p1848.sort.bam has no reads aligned to the specified reference; skipping
JYNUG7.p1848.sort.bam has no reads aligned to the specified reference; skipping
KV97VW.p1848.sort.bam has no reads aligned to the specified reference; skipping
L3AVHC.p1848.sort.bam has no reads aligned to the specified reference; skipping
LE77HS.p1848.sort.bam has no reads aligned to the specified reference; skipping
LZDLMG.p1848.sort.bam has no reads aligned to the specified reference; skipping
MEYC57.p1848.sort.bam has no reads aligned to the specified reference; skipping
NAREVP.p1848.sort.bam has no reads aligned to the specified reference; skipping
QA7JXZ.p1848.sort.bam has no reads aligned to the specified reference; skipping
QE5YRP.p1848.sort.bam has no reads aligned to the specified reference; skipping
QSK7YF.p1848.sort.bam has no reads aligned to the specified reference; skipping
QTNF8T.p1848.sort.bam has no reads aligned to the specified reference; skipping
QX3BTT.p1848.sort.bam has no reads aligned to the specified reference; skipping
QZRVXD.p1848.sort.bam has no reads aligned to the specified reference; skipping
RAWUYW.p1848.sort.bam has no reads aligned to the specified reference; skipping
RHKZGD.p1848.sort.bam has no reads aligned to the specified reference; skipping
S3RW34.p1848.sort.bam has no reads aligned to the specified reference; skipping
SKCTY7.p1848.sort.bam has no reads aligned to the specified reference; skipping
SXUAAJ.p1848.sort.bam has no reads aligned to the specified reference; skipping
T4LX63.p1848.sort.bam has no reads aligned to the specified reference; skipping
TYLD8P.p1848.sort.bam has no reads aligned to the specified reference; skipping
U69RDA.p1848.sort.bam has no reads aligned to the specified reference; skipping
UBTHVB.p1848.sort.bam has no reads aligned to the specified reference; skipping
URDCA3.p1848.sort.bam has no reads aligned to the specified reference; skipping
UWX3HE.p1848.sort.bam has no reads aligned to the specified reference; skipping
UZ7ZE8.p1848.sort.bam has no reads aligned to the specified reference; skipping
V7EX64.p1848.sort.bam has no reads aligned to the specified reference; skipping
VBTY2N.p1848.sort.bam has no reads aligned to the specified reference; skipping
VW55G6.p1848.sort.bam has no reads aligned to the specified reference; skipping
WXEGNA.p1848.sort.bam has no reads aligned to the specified reference; skipping
WY6H8W.p1848.sort.bam has no reads aligned to the specified reference; skipping
X4LNUJ.p1848.sort.bam has no reads aligned to the specified reference; skipping
XPMR2M.p1848.sort.bam has no reads aligned to the specified reference; skipping
XXLT4A.p1848.sort.bam has no reads aligned to the specified reference; skipping
YVFS7E.p1848.sort.bam has no reads aligned to the specified reference; skipping
YX9QYT.p1848.sort.bam has no reads aligned to the specified reference; skipping
virus_pathogen_database.mmi.BR9SMX.p1848.EV_input.fastq.sort.bam has no reads aligned to the specified reference; skipping
virus_pathogen_database.mmi.CADR3U.p1848.EV_input.fastq.sort.bam has no reads aligned to the specified reference; skipping
virus_pathogen_database.mmi.DDVCRX.p1848.EV_input.fastq.sort.bam has no reads aligned to the specified reference; skipping
virus_pathogen_database.mmi.GKKHUQ.p1848.EV_input.fastq.sort.bam has no reads aligned to the specified reference; skipping
virus_pathogen_database.mmi.H5GNU3.p1848.EV_input.fastq.sort.bam has no reads aligned to the specified reference; skipping
virus_pathogen_database.mmi.T4LX63.p1848.EV_input.fastq.sort.bam has no reads aligned to the specified reference; skipping
virus_pathogen_database.mmi.TYLD8P.p1848.EV_input.fastq.sort.bam has no reads aligned to the specified reference; skipping
virus_pathogen_database.mmi.UBTHVB.p1848.EV_input.fastq.sort.bam has no reads aligned to the specified reference; skipping
virus_pathogen_database.mmi.UWX3HE.p1848.EV_input.fastq.sort.bam has no reads aligned to the specified reference; skipping
virus_pathogen_database.mmi.VTM2YC.p1848.EV_input.fastq.sort.bam has no reads aligned to the specified reference; skipping
virus_pathogen_database.mmi.WY6H8W.p1848.EV_input.fastq.sort.bam has no reads aligned to the specified reference; skipping
virus_pathogen_database.mmi.YVFS7E.p1848.EV_input.fastq.sort.bam has no reads aligned to the specified reference; skipping
virus_pathogen_database.mmi.Non-Hybridized-Control.p1850.EV_input.fastq.sort.bam has no reads aligned to the specified reference; skipping
virus_pathogen_database.mmi.Non-Hybridized-Control.p1854.EV_input.fastq.sort.bam has no reads aligned to the specified reference; skipping
virus_pathogen_database.mmi.BK6DZA_100ng.10ul_100ng.EV_input.fastq.sort.bam has no reads aligned to the specified reference; skipping
virus_pathogen_database.mmi.E3HUUZ_100ng.10ul_100ng.EV_input.fastq.sort.bam has no reads aligned to the specified reference; skipping
virus_pathogen_database.mmi.NCVTCM_100ng.10ul_100ng.EV_input.fastq.sort.bam has no reads aligned to the specified reference; skipping
virus_pathogen_database.mmi.PP2WYD_100ng.10ul_100ng.EV_input.fastq.sort.bam has no reads aligned to the specified reference; skipping
virus_pathogen_database.mmi.Q6MLVP_100ng.10ul_100ng.EV_input.fastq.sort.bam has no reads aligned to the specified reference; skipping
virus_pathogen_database.mmi.RZHAY6_100ng.10ul_100ng.EV_input.fastq.sort.bam has no reads aligned to the specified reference; skipping
virus_pathogen_database.mmi.VWBF9V_100ng.10ul_100ng.EV_input.fastq.sort.bam has no reads aligned to the specified reference; skipping
virus_pathogen_database.mmi.XTSMHZ_100ng.10ul_100ng.EV_input.fastq.sort.bam has no reads aligned to the specified reference; skipping
virus_pathogen_database.mmi.BK6DZA_25ng.10ul_25ng.EV_input.fastq.sort.bam has no reads aligned to the specified reference; skipping
virus_pathogen_database.mmi.C5YVNP_25ng.10ul_25ng.EV_input.fastq.sort.bam has no reads aligned to the specified reference; skipping
virus_pathogen_database.mmi.N3D6FY_25ng.10ul_25ng.EV_input.fastq.sort.bam has no reads aligned to the specified reference; skipping
virus_pathogen_database.mmi.NCVTCM_25ng.10ul_25ng.EV_input.fastq.sort.bam has no reads aligned to the specified reference; skipping
virus_pathogen_database.mmi.RZHAY6_25ng.10ul_25ng.EV_input.fastq.sort.bam has no reads aligned to the specified reference; skipping
virus_pathogen_database.mmi.STN934_25ng.10ul_25ng.EV_input.fastq.sort.bam has no reads aligned to the specified reference; skipping
virus_pathogen_database.mmi.RZHAY6.p1858_input.EV_input.fastq.sort.bam has no reads aligned to the specified reference; skipping
virus_pathogen_database.mmi.Non-Hybrid-Control.p1866.EV_input.fastq.sort.bam has no reads aligned to the specified reference; skipping
WG8L4D_4.p1874.sort.bam has no reads aligned to the specified reference; skipping
virus_pathogen_database.mmi.Non-Hybridized-Control.p1883.EV_input.fastq.sort.bam has no reads aligned to the specified reference; skipping
virus_pathogen_database.mmi.Non-Hybridized-Control-H1.p1886.EV_input.fastq.sort.bam has no reads aligned to the specified reference; skipping
virus_pathogen_database.mmi.TEPHI-Hybrid-Control-B1.p1891.EV_input.fastq.sort.bam has no reads aligned to the specified reference; skipping
virus_pathogen_database.mmi.Non-Hybridized-Control.p1893.EV_input.fastq.sort.bam has no reads aligned to the specified reference; skipping
virus_pathogen_database.mmi.A.p1893.EV_input.fastq.sort.bam has no reads aligned to the specified reference; skipping
virus_pathogen_database.mmi.C.p1893.EV_input.fastq.sort.bam has no reads aligned to the specified reference; skipping
virus_pathogen_database.mmi.D.p1893.EV_input.fastq.sort.bam has no reads aligned to the specified reference; skipping
virus_pathogen_database.mmi.E.p1893.EV_input.fastq.sort.bam has no reads aligned to the specified reference; skipping
virus_pathogen_database.mmi.I.p1893.EV_input.fastq.sort.bam has no reads aligned to the specified reference; skipping
virus_pathogen_database.mmi.Non-Hybridized-Control.p1895.EV_input.fastq.sort.bam has no reads aligned to the specified reference; skipping
virus_pathogen_database.mmi.Non-Hybridized-Control.p1898.EV_input.fastq.sort.bam has no reads aligned to the specified reference; skipping
virus_pathogen_database.mmi.Non-Hybridized-Control.p1905.EV_input.fastq.sort.bam has no reads aligned to the specified reference; skipping
Hybridized-Control.p1925.sort.bam has no reads aligned to the specified reference; skipping
virus_pathogen_database.mmi.Non-Hybridized-Control.p1927.EV_input.fastq.sort.bam has no reads aligned to the specified reference; skipping
virus_pathogen_database.mmi.S_2002A.p1939.EV_input.fastq.sort.bam has no reads aligned to the specified reference; skipping
virus_pathogen_database.mmi.S_2002B.p1939.EV_input.fastq.sort.bam has no reads aligned to the specified reference; skipping
virus_pathogen_database.mmi.S_2008A.p1939.EV_input.fastq.sort.bam has no reads aligned to the specified reference; skipping
virus_pathogen_database.mmi.S_2008B.p1939.EV_input.fastq.sort.bam has no reads aligned to the specified reference; skipping
virus_pathogen_database.mmi.S_2008C.p1939.EV_input.fastq.sort.bam has no reads aligned to the specified reference; skipping
virus_pathogen_database.mmi.S_2009A.p1939.EV_input.fastq.sort.bam has no reads aligned to the specified reference; skipping
virus_pathogen_database.mmi.S_2011A.p1939.EV_input.fastq.sort.bam has no reads aligned to the specified reference; skipping
virus_pathogen_database.mmi.S_2012A.p1939.EV_input.fastq.sort.bam has no reads aligned to the specified reference; skipping
virus_pathogen_database.mmi.S_2013A.p1939.EV_input.fastq.sort.bam has no reads aligned to the specified reference; skipping
virus_pathogen_database.mmi.S_2017A.p1939.EV_input.fastq.sort.bam has no reads aligned to the specified reference; skipping
virus_pathogen_database.mmi.U_2002A.p1939.EV_input.fastq.sort.bam has no reads aligned to the specified reference; skipping
virus_pathogen_database.mmi.U_2002B.p1939.EV_input.fastq.sort.bam has no reads aligned to the specified reference; skipping
virus_pathogen_database.mmi.U_2008A.p1939.EV_input.fastq.sort.bam has no reads aligned to the specified reference; skipping
virus_pathogen_database.mmi.U_2008B.p1939.EV_input.fastq.sort.bam has no reads aligned to the specified reference; skipping
virus_pathogen_database.mmi.U_2008C.p1939.EV_input.fastq.sort.bam has no reads aligned to the specified reference; skipping
virus_pathogen_database.mmi.U_2009A.p1939.EV_input.fastq.sort.bam has no reads aligned to the specified reference; skipping
virus_pathogen_database.mmi.U_2011A.p1939.EV_input.fastq.sort.bam has no reads aligned to the specified reference; skipping
virus_pathogen_database.mmi.U_2012A.p1939.EV_input.fastq.sort.bam has no reads aligned to the specified reference; skipping
virus_pathogen_database.mmi.U_2013A.p1939.EV_input.fastq.sort.bam has no reads aligned to the specified reference; skipping
S_2008C.p1939.sort.bam has no reads aligned to the specified reference; skipping
virus_pathogen_database.mmi.U_2013A.p1939.EV_input.fastq.sort.bam has no reads aligned to the specified reference; skipping
virus_pathogen_database.mmi.DSG8ZT.p1939.EV_input.fastq.sort.bam has no reads aligned to the specified reference; skipping
virus_pathogen_database.mmi.DSG8ZT.p1939.EV_input.fastq.sort.bam has no reads aligned to the specified reference; skipping
virus_pathogen_database.mmi.Non-Hybridized-Control.p1939.EV_input.fastq.sort.bam has no reads aligned to the specified reference; skipping
virus_pathogen_database.mmi.BPLP2C.p1941.EV_input.fastq.sort.bam has no reads aligned to the specified reference; skipping
virus_pathogen_database.mmi.BTQH3A.p1941.EV_input.fastq.sort.bam has no reads aligned to the specified reference; skipping
virus_pathogen_database.mmi.CDL4NL.p1941.EV_input.fastq.sort.bam has no reads aligned to the specified reference; skipping
virus_pathogen_database.mmi.DC7GFU.p1941.EV_input.fastq.sort.bam has no reads aligned to the specified reference; skipping
virus_pathogen_database.mmi.H2KSK8.p1941.EV_input.fastq.sort.bam has no reads aligned to the specified reference; skipping
virus_pathogen_database.mmi.JKZPZV.p1941.EV_input.fastq.sort.bam has no reads aligned to the specified reference; skipping
virus_pathogen_database.mmi.K8DUBC.p1941.EV_input.fastq.sort.bam has no reads aligned to the specified reference; skipping
virus_pathogen_database.mmi.KW8FPU.p1941.EV_input.fastq.sort.bam has no reads aligned to the specified reference; skipping
virus_pathogen_database.mmi.MGG2DP.p1941.EV_input.fastq.sort.bam has no reads aligned to the specified reference; skipping
virus_pathogen_database.mmi.MN6SWJ.p1941.EV_input.fastq.sort.bam has no reads aligned to the specified reference; skipping
virus_pathogen_database.mmi.MTREZ3.p1941.EV_input.fastq.sort.bam has no reads aligned to the specified reference; skipping
virus_pathogen_database.mmi.NH4JBK.p1941.EV_input.fastq.sort.bam has no reads aligned to the specified reference; skipping
virus_pathogen_database.mmi.P5ED4Y.p1941.EV_input.fastq.sort.bam has no reads aligned to the specified reference; skipping
virus_pathogen_database.mmi.PEF4ND.p1941.EV_input.fastq.sort.bam has no reads aligned to the specified reference; skipping
virus_pathogen_database.mmi.SWML7K.p1941.EV_input.fastq.sort.bam has no reads aligned to the specified reference; skipping
virus_pathogen_database.mmi.U2AEHL.p1941.EV_input.fastq.sort.bam has no reads aligned to the specified reference; skipping
virus_pathogen_database.mmi.U6LEPY.p1941.EV_input.fastq.sort.bam has no reads aligned to the specified reference; skipping
virus_pathogen_database.mmi.VA5XNS.p1941.EV_input.fastq.sort.bam has no reads aligned to the specified reference; skipping
virus_pathogen_database.mmi.VFBGD7.p1941.EV_input.fastq.sort.bam has no reads aligned to the specified reference; skipping
virus_pathogen_database.mmi.YQ3KMQ.p1941.EV_input.fastq.sort.bam has no reads aligned to the specified reference; skipping
virus_pathogen_database.mmi.YWP9R4.p1941.EV_input.fastq.sort.bam has no reads aligned to the specified reference; skipping
virus_pathogen_database.mmi.ZLMDU8.p1941.EV_input.fastq.sort.bam has no reads aligned to the specified reference; skipping
BPLP2C.p1941.sort.bam has no reads aligned to the specified reference; skipping
BTQH3A.p1941.sort.bam has no reads aligned to the specified reference; skipping
H2KSK8.p1941.sort.bam has no reads aligned to the specified reference; skipping
JKZPZV.p1941.sort.bam has no reads aligned to the specified reference; skipping
KW8FPU.p1941.sort.bam has no reads aligned to the specified reference; skipping
MN6SWJ.p1941.sort.bam has no reads aligned to the specified reference; skipping
MTREZ3.p1941.sort.bam has no reads aligned to the specified reference; skipping
NH4JBK.p1941.sort.bam has no reads aligned to the specified reference; skipping
Non-Hybridized-Control.p1941.sort.bam has no reads aligned to the specified reference; skipping
U2AEHL.p1941.sort.bam has no reads aligned to the specified reference; skipping
U6LEPY.p1941.sort.bam has no reads aligned to the specified reference; skipping
VA5XNS.p1941.sort.bam has no reads aligned to the specified reference; skipping
Non-Hybridized-Control.p1947.sort.bam has no reads aligned to the specified reference; skipping
virus_pathogen_database.mmi.Non-Hybridized-Control.p1950.EV_input.fastq.sort.bam has no reads aligned to the specified reference; skipping
virus_pathogen_database.mmi.Hybridized-Control.p1953.EV_input.fastq.sort.bam has no reads aligned to the specified reference; skipping
virus_pathogen_database.mmi.Non-Hybridized-Control.p1957.EV_input.fastq.sort.bam has no reads aligned to the specified reference; skipping
virus_pathogen_database.mmi.Non-Hybridized-Control.p1960.EV_input.fastq.sort.bam has no reads aligned to the specified reference; skipping
virus_pathogen_database.mmi.XQWXAV.p1960.EV_input.fastq.sort.bam has no reads aligned to the specified reference; skipping
virus_pathogen_database.mmi.XSE5GX.p1960.EV_input.fastq.sort.bam has no reads aligned to the specified reference; skipping
virus_pathogen_database.mmi.Non-Hybridized-Control.p1965.EV_input.fastq.sort.bam has no reads aligned to the specified reference; skipping
virus_pathogen_database.mmi.Non-Hybridized-Control.p1966.EV_input.fastq.sort.bam has no reads aligned to the specified reference; skipping
virus_pathogen_database.mmi.Non-Hybridized-Control.p1970.EV_input.fastq.sort.bam has no reads aligned to the specified reference; skipping
Non-Hybridized-Control.p1976.sort.bam has no reads aligned to the specified reference; skipping
virus_pathogen_database.mmi.LHPAE01Mq.p1978.EV_input.fastq.sort.bam has no reads aligned to the specified reference; skipping
virus_pathogen_database.mmi.LHPAE02Mq.p1978.EV_input.fastq.sort.bam has no reads aligned to the specified reference; skipping
virus_pathogen_database.mmi.LHPAE03Mq.p1978.EV_input.fastq.sort.bam has no reads aligned to the specified reference; skipping
virus_pathogen_database.mmi.LHPCT01Mq.p1978.EV_input.fastq.sort.bam has no reads aligned to the specified reference; skipping
virus_pathogen_database.mmi.LHPCT02Mq.p1978.EV_input.fastq.sort.bam has no reads aligned to the specified reference; skipping
virus_pathogen_database.mmi.DAA6H3.p1984.EV_input.fastq.sort.bam has no reads aligned to the specified reference; skipping
virus_pathogen_database.mmi.GHLB3Q.p1984.EV_input.fastq.sort.bam has no reads aligned to the specified reference; skipping
virus_pathogen_database.mmi.H2YBXW.p1984.EV_input.fastq.sort.bam has no reads aligned to the specified reference; skipping
virus_pathogen_database.mmi.HE5P3V.p1984.EV_input.fastq.sort.bam has no reads aligned to the specified reference; skipping
virus_pathogen_database.mmi.JZ5U6Z.p1984.EV_input.fastq.sort.bam has no reads aligned to the specified reference; skipping
virus_pathogen_database.mmi.MT58LA.p1984.EV_input.fastq.sort.bam has no reads aligned to the specified reference; skipping
virus_pathogen_database.mmi.NTXBXZ.p1984.EV_input.fastq.sort.bam has no reads aligned to the specified reference; skipping
virus_pathogen_database.mmi.P8YW4S.p1984.EV_input.fastq.sort.bam has no reads aligned to the specified reference; skipping
virus_pathogen_database.mmi.W6M2GG.p1984.EV_input.fastq.sort.bam has no reads aligned to the specified reference; skipping
NTXBXZ.p1984.sort.bam has no reads aligned to the specified reference; skipping
CMMR_Non-Hybridized_Control.p2012.sort.bam has no reads aligned to the specified reference; skipping
virus_pathogen_database.mmi.A343UB.Boston_WW.EV_input.fastq.sort.bam has no reads aligned to the specified reference; skipping
virus_pathogen_database.mmi.AS-22-1003.p1585.EV_input.fastq.sort.bam has no reads aligned to the specified reference; skipping
virus_pathogen_database.mmi.AS-22-1010.p1585.EV_input.fastq.sort.bam has no reads aligned to the specified reference; skipping
virus_pathogen_database.mmi.IA-22-1024.p1585.EV_input.fastq.sort.bam has no reads aligned to the specified reference; skipping
virus_pathogen_database.mmi.MC-22-1024.p1585.EV_input.fastq.sort.bam has no reads aligned to the specified reference; skipping
virus_pathogen_database.mmi.CGGXXH.p1600.EV_input.fastq.sort.bam has no reads aligned to the specified reference; skipping
virus_pathogen_database.mmi.WRM9NG.p1600.EV_input.fastq.sort.bam has no reads aligned to the specified reference; skipping
A5B3KB.p1616.sort.bam has no reads aligned to the specified reference; skipping
A9595M.p1616.sort.bam has no reads aligned to the specified reference; skipping
ABUBEH.p1616.sort.bam has no reads aligned to the specified reference; skipping
AF2T23.p1616.sort.bam has no reads aligned to the specified reference; skipping
AGFQRZ.p1616.sort.bam has no reads aligned to the specified reference; skipping
ATA6VA.p1616.sort.bam has no reads aligned to the specified reference; skipping
CE3V5U.p1616.sort.bam has no reads aligned to the specified reference; skipping
CMRC6F.p1616.sort.bam has no reads aligned to the specified reference; skipping
CQ3ANL.p1616.sort.bam has no reads aligned to the specified reference; skipping
CS9LYQ.p1616.sort.bam has no reads aligned to the specified reference; skipping
D6US9A.p1616.sort.bam has no reads aligned to the specified reference; skipping
DR4746.p1616.sort.bam has no reads aligned to the specified reference; skipping
DXT27B.p1616.sort.bam has no reads aligned to the specified reference; skipping
EHTBBB.p1616.sort.bam has no reads aligned to the specified reference; skipping
EKA7CV.p1616.sort.bam has no reads aligned to the specified reference; skipping
FAJ9RE.p1616.sort.bam has no reads aligned to the specified reference; skipping
FCKA8T.p1616.sort.bam has no reads aligned to the specified reference; skipping
FJY5K2.p1616.sort.bam has no reads aligned to the specified reference; skipping
FT3BFL.p1616.sort.bam has no reads aligned to the specified reference; skipping
G63MXE.p1616.sort.bam has no reads aligned to the specified reference; skipping
G97HVD.p1616.sort.bam has no reads aligned to the specified reference; skipping
GQ2D3Z.p1616.sort.bam has no reads aligned to the specified reference; skipping
HYUTKY.p1616.sort.bam has no reads aligned to the specified reference; skipping
JRG2YW.p1616.sort.bam has no reads aligned to the specified reference; skipping
JV87VY.p1616.sort.bam has no reads aligned to the specified reference; skipping
JXNFZ4.p1616.sort.bam has no reads aligned to the specified reference; skipping
K35Y9P.p1616.sort.bam has no reads aligned to the specified reference; skipping
K5WPZD.p1616.sort.bam has no reads aligned to the specified reference; skipping
KUKELP.p1616.sort.bam has no reads aligned to the specified reference; skipping
L7YKQM.p1616.sort.bam has no reads aligned to the specified reference; skipping
LG3ZYK.p1616.sort.bam has no reads aligned to the specified reference; skipping
M2UMLX.p1616.sort.bam has no reads aligned to the specified reference; skipping
M7MY28.p1616.sort.bam has no reads aligned to the specified reference; skipping
MXU533.p1616.sort.bam has no reads aligned to the specified reference; skipping
NDWV5Q.p1616.sort.bam has no reads aligned to the specified reference; skipping
P3SKUQ.p1616.sort.bam has no reads aligned to the specified reference; skipping
P8NE5K.p1616.sort.bam has no reads aligned to the specified reference; skipping
PDPFWK.p1616.sort.bam has no reads aligned to the specified reference; skipping
PES8F5.p1616.sort.bam has no reads aligned to the specified reference; skipping
PFZMXY.p1616.sort.bam has no reads aligned to the specified reference; skipping
PUEBTL.p1616.sort.bam has no reads aligned to the specified reference; skipping
PZBAZD.p1616.sort.bam has no reads aligned to the specified reference; skipping
QNGH3A.p1616.sort.bam has no reads aligned to the specified reference; skipping
R4YVGH.p1616.sort.bam has no reads aligned to the specified reference; skipping
R68ZKY.p1616.sort.bam has no reads aligned to the specified reference; skipping
R8ZQMC.p1616.sort.bam has no reads aligned to the specified reference; skipping
RKQXBD.p1616.sort.bam has no reads aligned to the specified reference; skipping
RMLWN5.p1616.sort.bam has no reads aligned to the specified reference; skipping
S9VKZ7.p1616.sort.bam has no reads aligned to the specified reference; skipping
T3VUKH.p1616.sort.bam has no reads aligned to the specified reference; skipping
TUY8KA.p1616.sort.bam has no reads aligned to the specified reference; skipping
VE73Z5.p1616.sort.bam has no reads aligned to the specified reference; skipping
VGTR4N.p1616.sort.bam has no reads aligned to the specified reference; skipping
WGNCSH.p1616.sort.bam has no reads aligned to the specified reference; skipping
WJVV4D.p1616.sort.bam has no reads aligned to the specified reference; skipping
YJ6H6C.p1616.sort.bam has no reads aligned to the specified reference; skipping
YM66DD.p1616.sort.bam has no reads aligned to the specified reference; skipping
Z62SBD.p1616.sort.bam has no reads aligned to the specified reference; skipping
Z6JM67.p1616.sort.bam has no reads aligned to the specified reference; skipping
virus_pathogen_database.mmi.HC42L4.p1671.EV_input.fastq.sort.bam has no reads aligned to the specified reference; skipping
virus_pathogen_database.mmi.XGYKXS.p1671.EV_input.fastq.sort.bam has no reads aligned to the specified reference; skipping
virus_pathogen_database.mmi.ALB3LT.p1675.EV_input.fastq.sort.bam has no reads aligned to the specified reference; skipping
virus_pathogen_database.mmi.BRZEHP.p1675.EV_input.fastq.sort.bam has no reads aligned to the specified reference; skipping
virus_pathogen_database.mmi.HBMS3D.p1675.EV_input.fastq.sort.bam has no reads aligned to the specified reference; skipping
virus_pathogen_database.mmi.MFUHYA.p1675.EV_input.fastq.sort.bam has no reads aligned to the specified reference; skipping
virus_pathogen_database.mmi.MHQXP7.p1675.EV_input.fastq.sort.bam has no reads aligned to the specified reference; skipping
virus_pathogen_database.mmi.XNT76W.p1675.EV_input.fastq.sort.bam has no reads aligned to the specified reference; skipping
virus_pathogen_database.mmi.YEC3BK.p1675.EV_input.fastq.sort.bam has no reads aligned to the specified reference; skipping
MHQXP7.p1675.sort.bam has no reads aligned to the specified reference; skipping
virus_pathogen_database.mmi.AE2MWE.p1679.EV_input.fastq.sort.bam has no reads aligned to the specified reference; skipping
virus_pathogen_database.mmi.AJDG9R.p1679.EV_input.fastq.sort.bam has no reads aligned to the specified reference; skipping
virus_pathogen_database.mmi.BVEW7Y.p1679.EV_input.fastq.sort.bam has no reads aligned to the specified reference; skipping
virus_pathogen_database.mmi.EUA3PD.p1679.EV_input.fastq.sort.bam has no reads aligned to the specified reference; skipping
virus_pathogen_database.mmi.F6HLS7.p1679.EV_input.fastq.sort.bam has no reads aligned to the specified reference; skipping
virus_pathogen_database.mmi.KS38ME.p1679.EV_input.fastq.sort.bam has no reads aligned to the specified reference; skipping
virus_pathogen_database.mmi.M85Y4M.p1679.EV_input.fastq.sort.bam has no reads aligned to the specified reference; skipping
virus_pathogen_database.mmi.MBJMYL.p1679.EV_input.fastq.sort.bam has no reads aligned to the specified reference; skipping
virus_pathogen_database.mmi.MMJFC4.p1679.EV_input.fastq.sort.bam has no reads aligned to the specified reference; skipping
virus_pathogen_database.mmi.SEP5ZN.p1679.EV_input.fastq.sort.bam has no reads aligned to the specified reference; skipping
virus_pathogen_database.mmi.VVBJJJ.p1679.EV_input.fastq.sort.bam has no reads aligned to the specified reference; skipping
virus_pathogen_database.mmi.YYGWCZ.p1679.EV_input.fastq.sort.bam has no reads aligned to the specified reference; skipping
AJDG9R.p1679.sort.bam has no reads aligned to the specified reference; skipping
MBJMYL.p1679.sort.bam has no reads aligned to the specified reference; skipping
VVBJJJ.p1679.sort.bam has no reads aligned to the specified reference; skipping
YYGWCZ.p1679.sort.bam has no reads aligned to the specified reference; skipping
virus_pathogen_database.mmi.FPTBYF.p1685.EV_input.fastq.sort.bam has no reads aligned to the specified reference; skipping
virus_pathogen_database.mmi.GQ29DT.p1685.EV_input.fastq.sort.bam has no reads aligned to the specified reference; skipping
virus_pathogen_database.mmi.LVTXLU.p1685.EV_input.fastq.sort.bam has no reads aligned to the specified reference; skipping
LVTXLU.p1685.sort.bam has no reads aligned to the specified reference; skipping
virus_pathogen_database.mmi.Q9JCDF.p1700.EV_input.fastq.sort.bam has no reads aligned to the specified reference; skipping
A10570_42250.best_ref_seqs.mmi.A10570_42250.mapped_prelim.fastq.sort.bam has no reads aligned to the specified reference; skipping
virus_pathogen_database.mmi.A10570_42250.EV_input.fastq.sort.bam has no reads aligned to the specified reference; skipping
A11026_42236.best_ref_seqs.mmi.A11026_42236.mapped_prelim.fastq.sort.bam has no reads aligned to the specified reference; skipping
virus_pathogen_database.mmi.A11026_42236.EV_input.fastq.sort.bam has no reads aligned to the specified reference; skipping
A11704_42250.best_ref_seqs.mmi.A11704_42250.mapped_prelim.fastq.sort.bam has no reads aligned to the specified reference; skipping
virus_pathogen_database.mmi.A11704_42250.EV_input.fastq.sort.bam has no reads aligned to the specified reference; skipping
A12026_42248.best_ref_seqs.mmi.A12026_42248.mapped_prelim.fastq.sort.bam has no reads aligned to the specified reference; skipping
virus_pathogen_database.mmi.A12026_42248.EV_input.fastq.sort.bam has no reads aligned to the specified reference; skipping
A12804_42235.best_ref_seqs.mmi.A12804_42235.mapped_prelim.fastq.sort.bam has no reads aligned to the specified reference; skipping
virus_pathogen_database.mmi.A12804_42235.EV_input.fastq.sort.bam has no reads aligned to the specified reference; skipping
A15443_42234.best_ref_seqs.mmi.A15443_42234.mapped_prelim.fastq.sort.bam has no reads aligned to the specified reference; skipping
virus_pathogen_database.mmi.A15443_42234.EV_input.fastq.sort.bam has no reads aligned to the specified reference; skipping
A15869_42233.best_ref_seqs.mmi.A15869_42233.mapped_prelim.fastq.sort.bam has no reads aligned to the specified reference; skipping
virus_pathogen_database.mmi.A15869_42233.EV_input.fastq.sort.bam has no reads aligned to the specified reference; skipping
A16503_42410.best_ref_seqs.mmi.A16503_42410.mapped_prelim.fastq.sort.bam has no reads aligned to the specified reference; skipping
virus_pathogen_database.mmi.A16503_42410.EV_input.fastq.sort.bam has no reads aligned to the specified reference; skipping
A21851_42244.best_ref_seqs.mmi.A21851_42244.mapped_prelim.fastq.sort.bam has no reads aligned to the specified reference; skipping
virus_pathogen_database.mmi.A21851_42244.EV_input.fastq.sort.bam has no reads aligned to the specified reference; skipping
A23691_42239.best_ref_seqs.mmi.A23691_42239.mapped_prelim.fastq.sort.bam has no reads aligned to the specified reference; skipping
virus_pathogen_database.mmi.A23691_42239.EV_input.fastq.sort.bam has no reads aligned to the specified reference; skipping
A26518_42236.best_ref_seqs.mmi.A26518_42236.mapped_prelim.fastq.sort.bam has no reads aligned to the specified reference; skipping
virus_pathogen_database.mmi.A26518_42236.EV_input.fastq.sort.bam has no reads aligned to the specified reference; skipping
A27886_42234.best_ref_seqs.mmi.A27886_42234.mapped_prelim.fastq.sort.bam has no reads aligned to the specified reference; skipping
virus_pathogen_database.mmi.A27886_42234.EV_input.fastq.sort.bam has no reads aligned to the specified reference; skipping
A30939_42323.best_ref_seqs.mmi.A30939_42323.mapped_prelim.fastq.sort.bam has no reads aligned to the specified reference; skipping
virus_pathogen_database.mmi.A30939_42323.EV_input.fastq.sort.bam has no reads aligned to the specified reference; skipping
A34738_42408.best_ref_seqs.mmi.A34738_42408.mapped_prelim.fastq.sort.bam has no reads aligned to the specified reference; skipping
virus_pathogen_database.mmi.A34738_42408.EV_input.fastq.sort.bam has no reads aligned to the specified reference; skipping
A35019_42246.best_ref_seqs.mmi.A35019_42246.mapped_prelim.fastq.sort.bam has no reads aligned to the specified reference; skipping
virus_pathogen_database.mmi.A35019_42246.EV_input.fastq.sort.bam has no reads aligned to the specified reference; skipping
A35424_42237.best_ref_seqs.mmi.A35424_42237.mapped_prelim.fastq.sort.bam has no reads aligned to the specified reference; skipping
virus_pathogen_database.mmi.A35424_42237.EV_input.fastq.sort.bam has no reads aligned to the specified reference; skipping
A35424_42417.best_ref_seqs.mmi.A35424_42417.mapped_prelim.fastq.sort.bam has no reads aligned to the specified reference; skipping
virus_pathogen_database.mmi.A35424_42417.EV_input.fastq.sort.bam has no reads aligned to the specified reference; skipping
A38085_42233.best_ref_seqs.mmi.A38085_42233.mapped_prelim.fastq.sort.bam has no reads aligned to the specified reference; skipping
virus_pathogen_database.mmi.A38085_42233.EV_input.fastq.sort.bam has no reads aligned to the specified reference; skipping
A38085_42408.best_ref_seqs.mmi.A38085_42408.mapped_prelim.fastq.sort.bam has no reads aligned to the specified reference; skipping
virus_pathogen_database.mmi.A38085_42408.EV_input.fastq.sort.bam has no reads aligned to the specified reference; skipping
A39815_42410.best_ref_seqs.mmi.A39815_42410.mapped_prelim.fastq.sort.bam has no reads aligned to the specified reference; skipping
virus_pathogen_database.mmi.A39815_42410.EV_input.fastq.sort.bam has no reads aligned to the specified reference; skipping
A42896_42406.best_ref_seqs.mmi.A42896_42406.mapped_prelim.fastq.sort.bam has no reads aligned to the specified reference; skipping
virus_pathogen_database.mmi.A42896_42406.EV_input.fastq.sort.bam has no reads aligned to the specified reference; skipping
A43604_42236.best_ref_seqs.mmi.A43604_42236.mapped_prelim.fastq.sort.bam has no reads aligned to the specified reference; skipping
virus_pathogen_database.mmi.A43604_42236.EV_input.fastq.sort.bam has no reads aligned to the specified reference; skipping
A46673_42407.best_ref_seqs.mmi.A46673_42407.mapped_prelim.fastq.sort.bam has no reads aligned to the specified reference; skipping
virus_pathogen_database.mmi.A46673_42407.EV_input.fastq.sort.bam has no reads aligned to the specified reference; skipping
A47216_42233.best_ref_seqs.mmi.A47216_42233.mapped_prelim.fastq.sort.bam has no reads aligned to the specified reference; skipping
virus_pathogen_database.mmi.A47216_42233.EV_input.fastq.sort.bam has no reads aligned to the specified reference; skipping
A48032_42234.best_ref_seqs.mmi.A48032_42234.mapped_prelim.fastq.sort.bam has no reads aligned to the specified reference; skipping
virus_pathogen_database.mmi.A48032_42234.EV_input.fastq.sort.bam has no reads aligned to the specified reference; skipping
A49730_42408.best_ref_seqs.mmi.A49730_42408.mapped_prelim.fastq.sort.bam has no reads aligned to the specified reference; skipping
virus_pathogen_database.mmi.A49730_42408.EV_input.fastq.sort.bam has no reads aligned to the specified reference; skipping
A15443_42234.best_ref_seqs.mmi.A15443_42234.mapped_prelim.fastq.sort.bam has no reads aligned to the specified reference; skipping
virus_pathogen_database.mmi.A15443_42234.EV_input.fastq.sort.bam has no reads aligned to the specified reference; skipping
A17117_42233.best_ref_seqs.mmi.A17117_42233.mapped_prelim.fastq.sort.bam has no reads aligned to the specified reference; skipping
virus_pathogen_database.mmi.A17117_42233.EV_input.fastq.sort.bam has no reads aligned to the specified reference; skipping
A17117_42411.best_ref_seqs.mmi.A17117_42411.mapped_prelim.fastq.sort.bam has no reads aligned to the specified reference; skipping
virus_pathogen_database.mmi.A17117_42411.EV_input.fastq.sort.bam has no reads aligned to the specified reference; skipping
A31145_42547.best_ref_seqs.mmi.A31145_42547.mapped_prelim.fastq.sort.bam has no reads aligned to the specified reference; skipping
virus_pathogen_database.mmi.A31145_42547.EV_input.fastq.sort.bam has no reads aligned to the specified reference; skipping
A35424_42237.best_ref_seqs.mmi.A35424_42237.mapped_prelim.fastq.sort.bam has no reads aligned to the specified reference; skipping
virus_pathogen_database.mmi.A35424_42237.EV_input.fastq.sort.bam has no reads aligned to the specified reference; skipping
virus_pathogen_database.mmi.TU98NV.p1716.EV_input.fastq.sort.bam has no reads aligned to the specified reference; skipping
virus_pathogen_database.mmi.UME5CB.p1716.EV_input.fastq.sort.bam has no reads aligned to the specified reference; skipping
virus_pathogen_database.mmi.ALV2Q6.p1732.EV_input.fastq.sort.bam has no reads aligned to the specified reference; skipping
virus_pathogen_database.mmi.B5PU6J.p1732.EV_input.fastq.sort.bam has no reads aligned to the specified reference; skipping
virus_pathogen_database.mmi.BHFGV3.p1732.EV_input.fastq.sort.bam has no reads aligned to the specified reference; skipping
virus_pathogen_database.mmi.MUZVNN.p1732.EV_input.fastq.sort.bam has no reads aligned to the specified reference; skipping
virus_pathogen_database.mmi.MZX3EM.p1732.EV_input.fastq.sort.bam has no reads aligned to the specified reference; skipping
virus_pathogen_database.mmi.PPASKN.p1732.EV_input.fastq.sort.bam has no reads aligned to the specified reference; skipping
virus_pathogen_database.mmi.XM2MUL.p1732.EV_input.fastq.sort.bam has no reads aligned to the specified reference; skipping
virus_pathogen_database.mmi.ELALGB.p1763.EV_input.fastq.sort.bam has no reads aligned to the specified reference; skipping
virus_pathogen_database.mmi.WMVP9B.p1763.EV_input.fastq.sort.bam has no reads aligned to the specified reference; skipping
virus_pathogen_database.mmi.XVLAYZ.p1763.EV_input.fastq.sort.bam has no reads aligned to the specified reference; skipping
XVLAYZ.p1763.sort.bam has no reads aligned to the specified reference; skipping
virus_pathogen_database.mmi.YTYJ77.p1765.EV_input.fastq.sort.bam has no reads aligned to the specified reference; skipping
virus_pathogen_database.mmi.BSPR33.p1800.EV_input.fastq.sort.bam has no reads aligned to the specified reference; skipping
virus_pathogen_database.mmi.G6TDDG.p1809.EV_input.fastq.sort.bam has no reads aligned to the specified reference; skipping
virus_pathogen_database.mmi.GJPTKL.p1809.EV_input.fastq.sort.bam has no reads aligned to the specified reference; skipping
virus_pathogen_database.mmi.T5LSRL.p1809.EV_input.fastq.sort.bam has no reads aligned to the specified reference; skipping
virus_pathogen_database.mmi.WY6H8W.p1809.EV_input.fastq.sort.bam has no reads aligned to the specified reference; skipping
virus_pathogen_database.mmi.A29USG.p1818.EV_input.fastq.sort.bam has no reads aligned to the specified reference; skipping
virus_pathogen_database.mmi.E6CZL6.p1818.EV_input.fastq.sort.bam has no reads aligned to the specified reference; skipping
virus_pathogen_database.mmi.FAAFQH.p1818.EV_input.fastq.sort.bam has no reads aligned to the specified reference; skipping
virus_pathogen_database.mmi.FFYK82.p1818.EV_input.fastq.sort.bam has no reads aligned to the specified reference; skipping
virus_pathogen_database.mmi.G578AD.p1818.EV_input.fastq.sort.bam has no reads aligned to the specified reference; skipping
virus_pathogen_database.mmi.KC89KQ.p1818.EV_input.fastq.sort.bam has no reads aligned to the specified reference; skipping
virus_pathogen_database.mmi.KFJJ5G.p1818.EV_input.fastq.sort.bam has no reads aligned to the specified reference; skipping
virus_pathogen_database.mmi.QA7JXZ.p1818.EV_input.fastq.sort.bam has no reads aligned to the specified reference; skipping
virus_pathogen_database.mmi.VKLJZ4.p1818.EV_input.fastq.sort.bam has no reads aligned to the specified reference; skipping
virus_pathogen_database.mmi.VY2Y2S.p1818.EV_input.fastq.sort.bam has no reads aligned to the specified reference; skipping
virus_pathogen_database.mmi.WLT3MN.p1818.EV_input.fastq.sort.bam has no reads aligned to the specified reference; skipping
virus_pathogen_database.mmi.XPMR2M.p1818.EV_input.fastq.sort.bam has no reads aligned to the specified reference; skipping
FFYK82.p1818.sort.bam has no reads aligned to the specified reference; skipping
virus_pathogen_database.mmi.A29USG.p1818.EV_input.fastq.sort.bam has no reads aligned to the specified reference; skipping
virus_pathogen_database.mmi.E6CZL6.p1818.EV_input.fastq.sort.bam has no reads aligned to the specified reference; skipping
virus_pathogen_database.mmi.FAAFQH.p1818.EV_input.fastq.sort.bam has no reads aligned to the specified reference; skipping
virus_pathogen_database.mmi.FFYK82.p1818.EV_input.fastq.sort.bam has no reads aligned to the specified reference; skipping
virus_pathogen_database.mmi.G578AD.p1818.EV_input.fastq.sort.bam has no reads aligned to the specified reference; skipping
virus_pathogen_database.mmi.KC89KQ.p1818.EV_input.fastq.sort.bam has no reads aligned to the specified reference; skipping
virus_pathogen_database.mmi.KFJJ5G.p1818.EV_input.fastq.sort.bam has no reads aligned to the specified reference; skipping
virus_pathogen_database.mmi.Not-Hybridized.p1818.EV_input.fastq.sort.bam has no reads aligned to the specified reference; skipping
virus_pathogen_database.mmi.QA7JXZ.p1818.EV_input.fastq.sort.bam has no reads aligned to the specified reference; skipping
virus_pathogen_database.mmi.VKLJZ4.p1818.EV_input.fastq.sort.bam has no reads aligned to the specified reference; skipping
virus_pathogen_database.mmi.VY2Y2S.p1818.EV_input.fastq.sort.bam has no reads aligned to the specified reference; skipping
virus_pathogen_database.mmi.WLT3MN.p1818.EV_input.fastq.sort.bam has no reads aligned to the specified reference; skipping
virus_pathogen_database.mmi.XPMR2M.p1818.EV_input.fastq.sort.bam has no reads aligned to the specified reference; skipping
virus_pathogen_database.mmi.ASAL5L.p1826.EV_input.fastq.sort.bam has no reads aligned to the specified reference; skipping
virus_pathogen_database.mmi.D6X5DP.p1826.EV_input.fastq.sort.bam has no reads aligned to the specified reference; skipping
virus_pathogen_database.mmi.LRXGLB.p1826.EV_input.fastq.sort.bam has no reads aligned to the specified reference; skipping
virus_pathogen_database.mmi.U69RDA.p1826.EV_input.fastq.sort.bam has no reads aligned to the specified reference; skipping
virus_pathogen_database.mmi.ASAD6S.p1831.EV_input.fastq.sort.bam has no reads aligned to the specified reference; skipping
virus_pathogen_database.mmi.FSYBZ6.p1831.EV_input.fastq.sort.bam has no reads aligned to the specified reference; skipping
virus_pathogen_database.mmi.PS7T26.p1831.EV_input.fastq.sort.bam has no reads aligned to the specified reference; skipping
virus_pathogen_database.mmi.Z8B45W.p1831.EV_input.fastq.sort.bam has no reads aligned to the specified reference; skipping
virus_pathogen_database.mmi.ZW2Y6L.p1831.EV_input.fastq.sort.bam has no reads aligned to the specified reference; skipping
virus_pathogen_database.mmi.FYQ4WJ.p1834.EV_input.fastq.sort.bam has no reads aligned to the specified reference; skipping
virus_pathogen_database.mmi.JKP3XV.p1834.EV_input.fastq.sort.bam has no reads aligned to the specified reference; skipping
virus_pathogen_database.mmi.NZFHTA.p1834.EV_input.fastq.sort.bam has no reads aligned to the specified reference; skipping
virus_pathogen_database.mmi.RHKZGD.p1835.EV_input.fastq.sort.bam has no reads aligned to the specified reference; skipping
virus_pathogen_database.mmi.RFLBSS.p1838.EV_input.fastq.sort.bam has no reads aligned to the specified reference; skipping
virus_pathogen_database.mmi.SDWBMN.p1845.EV_input.fastq.sort.bam has no reads aligned to the specified reference; skipping
SDWBMN.p1845.sort.bam has no reads aligned to the specified reference; skipping
H-HBDMA004_b19.sort.bam has no reads aligned to the specified reference; skipping
H-HBDMA005_b19.sort.bam has no reads aligned to the specified reference; skipping
H-HBEKA007_b19.sort.bam has no reads aligned to the specified reference; skipping
H-HBEKA008_b19.sort.bam has no reads aligned to the specified reference; skipping
H-HBPKA0015_b19.sort.bam has no reads aligned to the specified reference; skipping
H-HBPKA016_b19.sort.bam has no reads aligned to the specified reference; skipping
H-HCTYIA003_b19.sort.bam has no reads aligned to the specified reference; skipping
H-HCTYIA004_b19.sort.bam has no reads aligned to the specified reference; skipping
H-HCTZXA004_b19.sort.bam has no reads aligned to the specified reference; skipping
H-HCTZXA005_b19.sort.bam has no reads aligned to the specified reference; skipping
H-HCTZZFA004_b19.sort.bam has no reads aligned to the specified reference; skipping
H-HCTZZFA005_b19.sort.bam has no reads aligned to the specified reference; skipping
H-HCTZZGA013_b19.sort.bam has no reads aligned to the specified reference; skipping
H-HCTZZGA014_b19.sort.bam has no reads aligned to the specified reference; skipping
H-HCTZZRA017_b19.sort.bam has no reads aligned to the specified reference; skipping
H-HCTZZRA018_b19.sort.bam has no reads aligned to the specified reference; skipping
Hybridized-control_b19.sort.bam has no reads aligned to the specified reference; skipping
H-HBDMA004_b19.sort.bam has no reads aligned to the specified reference; skipping
H-HBDMA005_b19.sort.bam has no reads aligned to the specified reference; skipping
H-HBEKA007_b19.sort.bam has no reads aligned to the specified reference; skipping
H-HBEKA008_b19.sort.bam has no reads aligned to the specified reference; skipping
H-HBPKA0015_b19.sort.bam has no reads aligned to the specified reference; skipping
H-HBPKA016_b19.sort.bam has no reads aligned to the specified reference; skipping
H-HCTYIA003_b19.sort.bam has no reads aligned to the specified reference; skipping
H-HCTYIA004_b19.sort.bam has no reads aligned to the specified reference; skipping
H-HCTZXA004_b19.sort.bam has no reads aligned to the specified reference; skipping
H-HCTZXA005_b19.sort.bam has no reads aligned to the specified reference; skipping
H-HCTZZFA004_b19.sort.bam has no reads aligned to the specified reference; skipping
H-HCTZZFA005_b19.sort.bam has no reads aligned to the specified reference; skipping
H-HCTZZGA013_b19.sort.bam has no reads aligned to the specified reference; skipping
H-HCTZZGA014_b19.sort.bam has no reads aligned to the specified reference; skipping
H-HCTZZRA017_b19.sort.bam has no reads aligned to the specified reference; skipping
H-HCTZZRA018_b19.sort.bam has no reads aligned to the specified reference; skipping
Hybridized-control_b19.sort.bam has no reads aligned to the specified reference; skipping
virus_pathogen_database.mmi.H-HBDMA004.p1849.EV_input.fastq.sort.bam has no reads aligned to the specified reference; skipping
virus_pathogen_database.mmi.H-HBPKA0015.p1849.EV_input.fastq.sort.bam has no reads aligned to the specified reference; skipping
virus_pathogen_database.mmi.H-HBPKA016.p1849.EV_input.fastq.sort.bam has no reads aligned to the specified reference; skipping
virus_pathogen_database.mmi.H-HCTYIA003.p1849.EV_input.fastq.sort.bam has no reads aligned to the specified reference; skipping
virus_pathogen_database.mmi.H-HCTYIA004.p1849.EV_input.fastq.sort.bam has no reads aligned to the specified reference; skipping
virus_pathogen_database.mmi.H-HCTZXA004.p1849.EV_input.fastq.sort.bam has no reads aligned to the specified reference; skipping
virus_pathogen_database.mmi.H-HCTZXA005.p1849.EV_input.fastq.sort.bam has no reads aligned to the specified reference; skipping
virus_pathogen_database.mmi.H-HCTZZFA005.p1849.EV_input.fastq.sort.bam has no reads aligned to the specified reference; skipping
virus_pathogen_database.mmi.H-HCTZZGA013.p1849.EV_input.fastq.sort.bam has no reads aligned to the specified reference; skipping
virus_pathogen_database.mmi.H-HCTZZRA017.p1849.EV_input.fastq.sort.bam has no reads aligned to the specified reference; skipping
virus_pathogen_database.mmi.H-HCTZZRA018.p1849.EV_input.fastq.sort.bam has no reads aligned to the specified reference; skipping
141520085D.best_ref_seqs.mmi.141520085D.mapped_prelim.fastq.sort.bam has no reads aligned to the specified reference; skipping
virus_pathogen_database.mmi.141520085D.EV_input.fastq.sort.bam has no reads aligned to the specified reference; skipping
141520088D.best_ref_seqs.mmi.141520088D.mapped_prelim.fastq.sort.bam has no reads aligned to the specified reference; skipping
virus_pathogen_database.mmi.141520088D.EV_input.fastq.sort.bam has no reads aligned to the specified reference; skipping
141520091D.best_ref_seqs.mmi.141520091D.mapped_prelim.fastq.sort.bam has no reads aligned to the specified reference; skipping
virus_pathogen_database.mmi.141520091D.EV_input.fastq.sort.bam has no reads aligned to the specified reference; skipping
141520092D.best_ref_seqs.mmi.141520092D.mapped_prelim.fastq.sort.bam has no reads aligned to the specified reference; skipping
virus_pathogen_database.mmi.141520092D.EV_input.fastq.sort.bam has no reads aligned to the specified reference; skipping
141520094D.best_ref_seqs.mmi.141520094D.mapped_prelim.fastq.sort.bam has no reads aligned to the specified reference; skipping
virus_pathogen_database.mmi.141520094D.EV_input.fastq.sort.bam has no reads aligned to the specified reference; skipping
141520097D.best_ref_seqs.mmi.141520097D.mapped_prelim.fastq.sort.bam has no reads aligned to the specified reference; skipping
virus_pathogen_database.mmi.141520097D.EV_input.fastq.sort.bam has no reads aligned to the specified reference; skipping
141520100D.best_ref_seqs.mmi.141520100D.mapped_prelim.fastq.sort.bam has no reads aligned to the specified reference; skipping
virus_pathogen_database.mmi.141520100D.EV_input.fastq.sort.bam has no reads aligned to the specified reference; skipping
141520103D.best_ref_seqs.mmi.141520103D.mapped_prelim.fastq.sort.bam has no reads aligned to the specified reference; skipping
virus_pathogen_database.mmi.141520103D.EV_input.fastq.sort.bam has no reads aligned to the specified reference; skipping
141520106D.best_ref_seqs.mmi.141520106D.mapped_prelim.fastq.sort.bam has no reads aligned to the specified reference; skipping
virus_pathogen_database.mmi.141520106D.EV_input.fastq.sort.bam has no reads aligned to the specified reference; skipping
141520108D.best_ref_seqs.mmi.141520108D.mapped_prelim.fastq.sort.bam has no reads aligned to the specified reference; skipping
virus_pathogen_database.mmi.141520108D.EV_input.fastq.sort.bam has no reads aligned to the specified reference; skipping
141520109D.best_ref_seqs.mmi.141520109D.mapped_prelim.fastq.sort.bam has no reads aligned to the specified reference; skipping
virus_pathogen_database.mmi.141520109D.EV_input.fastq.sort.bam has no reads aligned to the specified reference; skipping
141520110D.best_ref_seqs.mmi.141520110D.mapped_prelim.fastq.sort.bam has no reads aligned to the specified reference; skipping
virus_pathogen_database.mmi.141520110D.EV_input.fastq.sort.bam has no reads aligned to the specified reference; skipping
141520111D.best_ref_seqs.mmi.141520111D.mapped_prelim.fastq.sort.bam has no reads aligned to the specified reference; skipping
virus_pathogen_database.mmi.141520111D.EV_input.fastq.sort.bam has no reads aligned to the specified reference; skipping
141520116D.best_ref_seqs.mmi.141520116D.mapped_prelim.fastq.sort.bam has no reads aligned to the specified reference; skipping
virus_pathogen_database.mmi.141520116D.EV_input.fastq.sort.bam has no reads aligned to the specified reference; skipping
141520118D.best_ref_seqs.mmi.141520118D.mapped_prelim.fastq.sort.bam has no reads aligned to the specified reference; skipping
virus_pathogen_database.mmi.141520118D.EV_input.fastq.sort.bam has no reads aligned to the specified reference; skipping
141520126D.best_ref_seqs.mmi.141520126D.mapped_prelim.fastq.sort.bam has no reads aligned to the specified reference; skipping
virus_pathogen_database.mmi.141520126D.EV_input.fastq.sort.bam has no reads aligned to the specified reference; skipping
141520131D.best_ref_seqs.mmi.141520131D.mapped_prelim.fastq.sort.bam has no reads aligned to the specified reference; skipping
virus_pathogen_database.mmi.141520131D.EV_input.fastq.sort.bam has no reads aligned to the specified reference; skipping
141520135D.best_ref_seqs.mmi.141520135D.mapped_prelim.fastq.sort.bam has no reads aligned to the specified reference; skipping
virus_pathogen_database.mmi.141520135D.EV_input.fastq.sort.bam has no reads aligned to the specified reference; skipping
141520136D.best_ref_seqs.mmi.141520136D.mapped_prelim.fastq.sort.bam has no reads aligned to the specified reference; skipping
virus_pathogen_database.mmi.141520136D.EV_input.fastq.sort.bam has no reads aligned to the specified reference; skipping
141520138D.best_ref_seqs.mmi.141520138D.mapped_prelim.fastq.sort.bam has no reads aligned to the specified reference; skipping
virus_pathogen_database.mmi.141520138D.EV_input.fastq.sort.bam has no reads aligned to the specified reference; skipping
141520141D.best_ref_seqs.mmi.141520141D.mapped_prelim.fastq.sort.bam has no reads aligned to the specified reference; skipping
virus_pathogen_database.mmi.141520141D.EV_input.fastq.sort.bam has no reads aligned to the specified reference; skipping
141520149D.best_ref_seqs.mmi.141520149D.mapped_prelim.fastq.sort.bam has no reads aligned to the specified reference; skipping
virus_pathogen_database.mmi.141520149D.EV_input.fastq.sort.bam has no reads aligned to the specified reference; skipping
141520155D.best_ref_seqs.mmi.141520155D.mapped_prelim.fastq.sort.bam has no reads aligned to the specified reference; skipping
virus_pathogen_database.mmi.141520155D.EV_input.fastq.sort.bam has no reads aligned to the specified reference; skipping
